% mean class accuracy (test set)	
 8.1060e+00	
 8.1060e+00	
 9.9766e+00	
 1.1224e+01	
 2.1044e+01	
 2.9228e+01	
 3.6321e+01	
 4.1543e+01	
 4.6454e+01	
 4.8714e+01	
 5.2065e+01	
 5.5573e+01	
 5.5885e+01	
 5.8301e+01	
 5.8691e+01	
 5.7911e+01	
 5.9548e+01	
 5.9860e+01	
 5.7989e+01	
 5.9392e+01	
 5.9548e+01	
 6.2510e+01	
 6.1496e+01	
 6.1496e+01	
 5.9938e+01	
 6.0951e+01	
 6.1574e+01	
 6.2588e+01	
 6.1652e+01	
 6.1652e+01	
